// Jest Snapshot v1, https://goo.gl/fbAQLP

exports[`AppComponent snapShot 1`] = `
<app-root
  title={[Function String]}
>
  <div
    class="container"
  >
    <nav
      class="navbar navbar-expand-lg navbar-light bg-light"
    >
      <a
        class="display-4"
        href="/home"
        ng-reflect-router-link="/home"
        routerlink="/home"
      >
        Angular-crud
      </a>
      <button
        aria-controls="navbarSupportedContent"
        aria-expanded="false"
        aria-label="Toggle navigation"
        class="navbar-toggler"
        data-target="#navbarSupportedContent"
        data-toggle="collapse"
        type="button"
      >
        <span
          class="navbar-toggler-icon"
        />
      </button>
      <div
        class="collapse navbar-collapse"
        id="navbarSupportedContent"
      >
        <ul
          class="navbar-nav mr-auto"
        >
          <li
            class="nav-item"
          >
            <a
              class="nav-link"
              href="/home"
              ng-reflect-router-link="/home"
            >
              Home
            </a>
          </li>
          <li
            class="nav-item"
          >
            <a
              class="nav-link"
              href="/companies"
              ng-reflect-router-link="/companies"
            >
              Companies
            </a>
          </li>
          <li
            class="nav-item"
          >
            <a
              class="nav-link"
              href="/categories"
              ng-reflect-router-link="/categories"
            >
              Categories
            </a>
          </li>
        </ul>
      </div>
    </nav>
    <div
      class="jumbotron"
    >
      <router-outlet />
    </div>
  </div>
</app-root>
`;
